[2025-05-25 16:02:05] [INFO] Starting Audio and Streaming Optimization Script
[2025-05-25 16:02:05] [INFO] Starting audio and streaming process optimization...
[2025-05-25 16:02:05] [INFO] Detected 128 logical cores
[2025-05-25 16:02:05] [INFO] Affinity masks - Audio: 255, Streaming: 4294967040, System: 9223372032559808512
[2025-05-25 16:02:05] [INFO] Optimized voicemeeter (PID: 42540) - Affinity: 255, Priority: RealTime
[2025-05-25 16:02:05] [INFO] Optimized audiodg (PID: 12780) - Affinity: 255, Priority: High
[2025-05-25 16:02:05] [INFO] Process obs64 not found.
[2025-05-25 16:02:05] [INFO] Process obs not found.
[2025-05-25 16:02:05] [INFO] Process Streamlabs not found.
[2025-05-25 16:02:05] [INFO] Optimized svchost (PID: 3100) - Affinity: 9223372032559808512, Priority: Normal
[2025-05-25 16:02:05] [INFO] Optimized svchost (PID: 3120) - Affinity: 9223372032559808512, Priority: Normal
[2025-05-25 16:02:05] [INFO] Optimized svchost (PID: 3164) - Affinity: 9223372032559808512, Priority: Normal
[2025-05-25 16:02:05] [INFO] Optimized svchost (PID: 3224) - Affinity: 9223372032559808512, Priority: Normal
[2025-05-25 16:02:05] [INFO] Optimized svchost (PID: 3436) - Affinity: 9223372032559808512, Priority: Normal
[2025-05-25 16:02:05] [INFO] Optimized svchost (PID: 3616) - Affinity: 9223372032559808512, Priority: Normal
[2025-05-25 16:02:05] [INFO] Optimized svchost (PID: 3660) - Affinity: 9223372032559808512, Priority: Normal
[2025-05-25 16:02:05] [INFO] Optimized svchost (PID: 3748) - Affinity: 9223372032559808512, Priority: Normal
[2025-05-25 16:02:05] [INFO] Optimized svchost (PID: 3796) - Affinity: 9223372032559808512, Priority: Normal
[2025-05-25 16:02:05] [INFO] Optimized svchost (PID: 3824) - Affinity: 9223372032559808512, Priority: Normal
[2025-05-25 16:02:05] [INFO] Optimized svchost (PID: 3836) - Affinity: 9223372032559808512, Priority: Normal
[2025-05-25 16:02:05] [INFO] Optimized svchost (PID: 3852) - Affinity: 9223372032559808512, Priority: Normal
[2025-05-25 16:02:05] [INFO] Optimized svchost (PID: 3860) - Affinity: 9223372032559808512, Priority: Normal
[2025-05-25 16:02:05] [INFO] Optimized svchost (PID: 3952) - Affinity: 9223372032559808512, Priority: Normal
[2025-05-25 16:02:05] [INFO] Optimized svchost (PID: 4008) - Affinity: 9223372032559808512, Priority: Normal
[2025-05-25 16:02:05] [INFO] Optimized svchost (PID: 4044) - Affinity: 9223372032559808512, Priority: Normal
[2025-05-25 16:02:05] [INFO] Optimized svchost (PID: 4052) - Affinity: 9223372032559808512, Priority: Normal
[2025-05-25 16:02:05] [INFO] Optimized svchost (PID: 4144) - Affinity: 9223372032559808512, Priority: Normal
[2025-05-25 16:02:05] [INFO] Optimized svchost (PID: 4164) - Affinity: 9223372032559808512, Priority: Normal
[2025-05-25 16:02:05] [INFO] Optimized svchost (PID: 4204) - Affinity: 9223372032559808512, Priority: Normal
[2025-05-25 16:02:05] [INFO] Optimized svchost (PID: 4248) - Affinity: 9223372032559808512, Priority: Normal
[2025-05-25 16:02:05] [INFO] Optimized svchost (PID: 4448) - Affinity: 9223372032559808512, Priority: Normal
[2025-05-25 16:02:05] [INFO] Optimized svchost (PID: 4476) - Affinity: 9223372032559808512, Priority: Normal
[2025-05-25 16:02:05] [INFO] Optimized svchost (PID: 4608) - Affinity: 9223372032559808512, Priority: Normal
[2025-05-25 16:02:05] [INFO] Optimized svchost (PID: 4768) - Affinity: 9223372032559808512, Priority: Normal
[2025-05-25 16:02:05] [INFO] Optimized svchost (PID: 4812) - Affinity: 9223372032559808512, Priority: Normal
[2025-05-25 16:02:05] [INFO] Optimized svchost (PID: 4876) - Affinity: 9223372032559808512, Priority: Normal
[2025-05-25 16:02:05] [INFO] Optimized svchost (PID: 4960) - Affinity: 9223372032559808512, Priority: Normal
[2025-05-25 16:02:05] [INFO] Optimized svchost (PID: 5184) - Affinity: 9223372032559808512, Priority: Normal
[2025-05-25 16:02:05] [INFO] Optimized svchost (PID: 5248) - Affinity: 9223372032559808512, Priority: Normal
[2025-05-25 16:02:05] [INFO] Optimized svchost (PID: 5372) - Affinity: 9223372032559808512, Priority: Normal
[2025-05-25 16:02:05] [INFO] Optimized svchost (PID: 5416) - Affinity: 9223372032559808512, Priority: Normal
[2025-05-25 16:02:05] [INFO] Optimized svchost (PID: 5528) - Affinity: 9223372032559808512, Priority: Normal
[2025-05-25 16:02:05] [INFO] Optimized svchost (PID: 5728) - Affinity: 9223372032559808512, Priority: Normal
[2025-05-25 16:02:05] [INFO] Optimized svchost (PID: 5788) - Affinity: 9223372032559808512, Priority: Normal
[2025-05-25 16:02:05] [INFO] Optimized svchost (PID: 5848) - Affinity: 9223372032559808512, Priority: Normal
[2025-05-25 16:02:05] [INFO] Optimized svchost (PID: 5960) - Affinity: 9223372032559808512, Priority: Normal
[2025-05-25 16:02:05] [INFO] Optimized svchost (PID: 6004) - Affinity: 9223372032559808512, Priority: Normal
[2025-05-25 16:02:05] [INFO] Optimized svchost (PID: 6072) - Affinity: 9223372032559808512, Priority: Normal
[2025-05-25 16:02:05] [INFO] Optimized svchost (PID: 6148) - Affinity: 9223372032559808512, Priority: Normal
[2025-05-25 16:02:05] [INFO] Optimized svchost (PID: 6360) - Affinity: 9223372032559808512, Priority: Normal
[2025-05-25 16:02:05] [INFO] Optimized svchost (PID: 6408) - Affinity: 9223372032559808512, Priority: Normal
[2025-05-25 16:02:05] [INFO] Optimized svchost (PID: 6416) - Affinity: 9223372032559808512, Priority: Normal
[2025-05-25 16:02:05] [INFO] Optimized svchost (PID: 7224) - Affinity: 9223372032559808512, Priority: Normal
[2025-05-25 16:02:05] [INFO] Optimized svchost (PID: 7380) - Affinity: 9223372032559808512, Priority: Normal
[2025-05-25 16:02:05] [INFO] Optimized svchost (PID: 7508) - Affinity: 9223372032559808512, Priority: Normal
[2025-05-25 16:02:05] [INFO] Optimized svchost (PID: 7544) - Affinity: 9223372032559808512, Priority: Normal
[2025-05-25 16:02:05] [INFO] Optimized svchost (PID: 7552) - Affinity: 9223372032559808512, Priority: Normal
[2025-05-25 16:02:05] [INFO] Optimized svchost (PID: 7608) - Affinity: 9223372032559808512, Priority: Normal
[2025-05-25 16:02:05] [INFO] Optimized svchost (PID: 8000) - Affinity: 9223372032559808512, Priority: Normal
[2025-05-25 16:02:05] [INFO] Optimized svchost (PID: 8052) - Affinity: 9223372032559808512, Priority: Normal
[2025-05-25 16:02:05] [INFO] Optimized svchost (PID: 8060) - Affinity: 9223372032559808512, Priority: Normal
[2025-05-25 16:02:05] [INFO] Optimized svchost (PID: 8232) - Affinity: 9223372032559808512, Priority: Normal
[2025-05-25 16:02:05] [INFO] Optimized svchost (PID: 8284) - Affinity: 9223372032559808512, Priority: Normal
[2025-05-25 16:02:05] [INFO] Optimized svchost (PID: 8348) - Affinity: 9223372032559808512, Priority: Normal
[2025-05-25 16:02:05] [INFO] Optimized svchost (PID: 8368) - Affinity: 9223372032559808512, Priority: Normal
[2025-05-25 16:02:05] [INFO] Optimized svchost (PID: 8376) - Affinity: 9223372032559808512, Priority: Normal
[2025-05-25 16:02:05] [INFO] Optimized svchost (PID: 8416) - Affinity: 9223372032559808512, Priority: Normal
[2025-05-25 16:02:05] [INFO] Optimized svchost (PID: 8504) - Affinity: 9223372032559808512, Priority: Normal
[2025-05-25 16:02:05] [INFO] Optimized svchost (PID: 8988) - Affinity: 9223372032559808512, Priority: Normal
[2025-05-25 16:02:05] [INFO] Error optimizing svchost: Exception setting "ProcessorAffinity": "Access is denied"
[2025-05-25 16:02:05] [INFO] Error optimizing csrss: Exception setting "ProcessorAffinity": "Access is denied"
[2025-05-25 16:02:05] [INFO] Error optimizing smss: Exception setting "ProcessorAffinity": "Access is denied"
[2025-05-25 16:02:05] [INFO] Process optimization completed
[2025-05-25 16:02:05] [INFO] Configuring Windows Audio settings...
[2025-05-25 16:02:05] [INFO] Audio service set to Automatic
[2025-05-25 16:02:05] [INFO] Audio quality settings configured
[2025-05-25 16:02:08] [INFO] Performance metrics saved to C:\projects\workstation\6_Symbols\Logs\Reports\PerformanceReport_20250525_160205.json
[2025-05-25 16:02:08] [INFO] System Performance Metrics:
[2025-05-25 16:02:08] [INFO] CPU Usage: 2%
[2025-05-25 16:02:08] [INFO] Memory Usage: 43.46%
[2025-05-25 16:02:08] [INFO] GPU Usage: 0.57%
[2025-05-25 16:02:08] [INFO] Optimization completed successfully. Check C:\projects\workstation\6_Symbols\Logs\OptimizeOBSandAudio_20250525_160205.log for details.
